2026-07-31 05:47:13,687 | INFO | ================================================================================
2026-07-31 05:47:13,687 | INFO | INSTALL STDOUT
2026-07-31 05:47:13,687 | INFO | 
2026-07-31 05:47:13,687 | INFO | ================================================================================
2026-07-31 05:47:13,687 | INFO | INSTALL STDERR
2026-07-31 05:47:13,687 | INFO | ERROR! Unable to retrieve file contents
Could not find or access '/opt/pg_sa/pg_an/validate/rhel.yml' on the Ansible Controller.
If you are using a module and expect the file to exist on the remote, see the remote_src option

2026-07-31 05:47:13,687 | INFO | ================================================================================
2026-07-31 05:47:13,687 | INFO | RETURN CODE : 1
2026-07-31 05:49:19,994 | INFO | ================================================================================
2026-07-31 05:49:19,994 | INFO | INSTALL STDOUT
2026-07-31 05:49:19,994 | INFO | 
PLAY [all] *********************************************************************

TASK [Gathering Facts] *********************************************************
fatal: [10.1.1.1234893297298372]: FAILED! => {"msg": "to use the 'ssh' connection type with passwords or pkcs11_provider, you must install the sshpass program"}

PLAY RECAP *********************************************************************
10.1.1.1234893297298372    : ok=0    changed=0    unreachable=0    failed=1    skipped=0    rescued=0    ignored=0   


2026-07-31 05:49:19,994 | INFO | ================================================================================
2026-07-31 05:49:19,994 | INFO | INSTALL STDERR
2026-07-31 05:49:19,994 | INFO | 
2026-07-31 05:49:19,994 | INFO | ================================================================================
2026-07-31 05:49:19,994 | INFO | RETURN CODE : 2
2026-07-31 06:01:43,520 | INFO | ================================================================================
2026-07-31 06:01:43,520 | INFO | INSTALL STDOUT
2026-07-31 06:01:43,520 | INFO | 
PLAY [all] *********************************************************************

TASK [Gathering Facts] *********************************************************
fatal: [10.1.1.12]: FAILED! => {"msg": "to use the 'ssh' connection type with passwords or pkcs11_provider, you must install the sshpass program"}

PLAY RECAP *********************************************************************
10.1.1.12                  : ok=0    changed=0    unreachable=0    failed=1    skipped=0    rescued=0    ignored=0   


2026-07-31 06:01:43,520 | INFO | ================================================================================
2026-07-31 06:01:43,520 | INFO | INSTALL STDERR
2026-07-31 06:01:43,520 | INFO | 
2026-07-31 06:01:43,520 | INFO | ================================================================================
2026-07-31 06:01:43,520 | INFO | RETURN CODE : 2
2026-07-31 06:03:30,201 | INFO | ================================================================================
2026-07-31 06:03:30,201 | INFO | INSTALL STDOUT
2026-07-31 06:03:30,201 | INFO | 
PLAY [all] *********************************************************************

TASK [Gathering Facts] *********************************************************
fatal: [10.1.1.12]: FAILED! => {"msg": "Unable to execute ssh command line on a controller due to: [Errno 2] No such file or directory: b'ssh'"}

PLAY RECAP *********************************************************************
10.1.1.12                  : ok=0    changed=0    unreachable=0    failed=1    skipped=0    rescued=0    ignored=0   


2026-07-31 06:03:30,201 | INFO | ================================================================================
2026-07-31 06:03:30,201 | INFO | INSTALL STDERR
2026-07-31 06:03:30,201 | INFO | 
2026-07-31 06:03:30,201 | INFO | ================================================================================
2026-07-31 06:03:30,201 | INFO | RETURN CODE : 2
